Сработала функция "Product.__init__",
Переданы агрументы "['milk', 89]",
дата и время - 06.08.26 13:25

Сработала функция "Product.__init__",
Переданы агрументы "['milk', 89]",
дата и время - 06.08.26 13:25

Сработала функция "Product.__init__",
Переданы агрументы "['bread', 67]",
дата и время - 06.08.26 13:25

Сработала функция "Product.__init__",
Переданы агрументы "['bread', 57]",
дата и время - 06.08.26 13:25

Сработала функция "Product.__init__",
Переданы агрументы "['cookie', 200]",
дата и время - 06.08.26 13:25

Сработала функция "Product.__init__",
Переданы агрументы "['kiwi', 150]",
дата и время - 06.08.26 13:25

Сработала функция "Product.__init__",
Переданы агрументы "['beef', 600]",
дата и время - 06.08.26 13:25

Сработала функция "Store.add_product",
Переданы агрументы "[<__main__.Product object at 0x0000023F619F9A90>]",
дата и время - 06.08.26 13:25

Сработала функция "Store.add_product",
Переданы агрументы "[<__main__.Product object at 0x0000023F61A78510>]",
дата и время - 06.08.26 13:25

Сработала функция "Product.__str__",
Переданы агрументы "[]",
дата и время - 06.08.26 13:25

Сработала функция "Product.__init__",
Переданы агрументы "['milk', 89]",
дата и время - 06.08.26 13:56

Сработала функция "Product.__init__",
Переданы агрументы "['milk', 89]",
дата и время - 06.08.26 13:56

Сработала функция "Product.__init__",
Переданы агрументы "['bread', 67]",
дата и время - 06.08.26 13:56

Сработала функция "Product.__init__",
Переданы агрументы "['bread', 57]",
дата и время - 06.08.26 13:56

Сработала функция "Product.__init__",
Переданы агрументы "['cookie', 200]",
дата и время - 06.08.26 13:56

Сработала функция "Product.__init__",
Переданы агрументы "['kiwi', 150]",
дата и время - 06.08.26 13:56

Сработала функция "Product.__init__",
Переданы агрументы "['beef', 600]",
дата и время - 06.08.26 13:56

Сработала функция "Store.add_product",
Переданы агрументы "[<__main__.Product object at 0x000002DC3B909A90>]",
дата и время - 06.08.26 13:56

Сработала функция "Store.add_product",
Переданы агрументы "[<__main__.Product object at 0x000002DC3B968510>]",
дата и время - 06.08.26 13:56

Сработала функция "Product.__str__",
Переданы агрументы "[]",
дата и время - 06.08.26 13:56

Сработала функция "Product.__init__",
Переданы агрументы "['kiwi', 120]",
дата и время - 06.08.26 13:56

Сработала функция "Product.__init__",
Переданы агрументы "['milk', 89]",
дата и время - 06.08.26 13:56

Сработала функция "Product.__init__",
Переданы агрументы "['milk', 89]",
дата и время - 06.08.26 13:56

Сработала функция "Product.__init__",
Переданы агрументы "['bread', 67]",
дата и время - 06.08.26 13:56

Сработала функция "Product.__init__",
Переданы агрументы "['bread', 57]",
дата и время - 06.08.26 13:56

Сработала функция "Product.__init__",
Переданы агрументы "['cookie', 200]",
дата и время - 06.08.26 13:56

Сработала функция "Product.__init__",
Переданы агрументы "['kiwi', 150]",
дата и время - 06.08.26 13:56

Сработала функция "Product.__init__",
Переданы агрументы "['beef', 600]",
дата и время - 06.08.26 13:56

Сработала функция "Store.add_product",
Переданы агрументы "[<__main__.Product object at 0x00000163CCFF9A90>]",
дата и время - 06.08.26 13:56

Сработала функция "Store.add_product",
Переданы агрументы "[<__main__.Product object at 0x00000163CD058510>]",
дата и время - 06.08.26 13:56

Сработала функция "Product.__str__",
Переданы агрументы "[]",
дата и время - 06.08.26 13:56

Сработала функция "Product.__init__",
Переданы агрументы "['kiwi', 120]",
дата и время - 06.08.26 13:56

Сработала функция "Product.__str__",
Переданы агрументы "[]",
дата и время - 06.08.26 13:56

Сработала функция "Product.__init__",
Переданы агрументы "['milk', 89]",
дата и время - 06.08.26 13:56

Сработала функция "Product.__init__",
Переданы агрументы "['milk', 89]",
дата и время - 06.08.26 13:56

Сработала функция "Product.__init__",
Переданы агрументы "['bread', 67]",
дата и время - 06.08.26 13:56

Сработала функция "Product.__init__",
Переданы агрументы "['bread', 57]",
дата и время - 06.08.26 13:56

Сработала функция "Product.__init__",
Переданы агрументы "['cookie', 200]",
дата и время - 06.08.26 13:56

Сработала функция "Product.__init__",
Переданы агрументы "['kiwi', 150]",
дата и время - 06.08.26 13:56

Сработала функция "Product.__init__",
Переданы агрументы "['beef', 600]",
дата и время - 06.08.26 13:56

Сработала функция "Store.add_product",
Переданы агрументы "[<__main__.Product object at 0x0000021411E79A90>]",
дата и время - 06.08.26 13:56

Сработала функция "Store.add_product",
Переданы агрументы "[<__main__.Product object at 0x0000021411ED8510>]",
дата и время - 06.08.26 13:56

Сработала функция "Product.__str__",
Переданы агрументы "[]",
дата и время - 06.08.26 13:56

Сработала функция "Product.__init__",
Переданы агрументы "['kiwi', 130]",
дата и время - 06.08.26 13:56

Сработала функция "Product.__str__",
Переданы агрументы "[]",
дата и время - 06.08.26 13:56

Сработала функция "Product.__init__",
Переданы агрументы "['milk', 89]",
дата и время - 06.08.26 14:02

Сработала функция "Product.__init__",
Переданы агрументы "['milk', 89]",
дата и время - 06.08.26 14:02

Сработала функция "Product.__init__",
Переданы агрументы "['bread', 67]",
дата и время - 06.08.26 14:02

Сработала функция "Product.__init__",
Переданы агрументы "['bread', 57]",
дата и время - 06.08.26 14:02

Сработала функция "Product.__init__",
Переданы агрументы "['cookie', 200]",
дата и время - 06.08.26 14:02

Сработала функция "Product.__init__",
Переданы агрументы "['kiwi', 150]",
дата и время - 06.08.26 14:02

Сработала функция "Product.__init__",
Переданы агрументы "['beef', 600]",
дата и время - 06.08.26 14:02

Сработала функция "Store.add_product",
Переданы агрументы "[<__main__.Product object at 0x0000018FF2659A90>]",
дата и время - 06.08.26 14:02

Сработала функция "Store.add_product",
Переданы агрументы "[<__main__.Product object at 0x0000018FF26B8510>]",
дата и время - 06.08.26 14:02

Сработала функция "Product.__str__",
Переданы агрументы "[]",
дата и время - 06.08.26 14:02

Сработала функция "Product.__init__",
Переданы агрументы "['milk', 89]",
дата и время - 06.08.26 14:02

Сработала функция "Product.__init__",
Переданы агрументы "['milk', 89]",
дата и время - 06.08.26 14:02

Сработала функция "Product.__init__",
Переданы агрументы "['bread', 67]",
дата и время - 06.08.26 14:02

Сработала функция "Product.__init__",
Переданы агрументы "['bread', 57]",
дата и время - 06.08.26 14:02

Сработала функция "Product.__init__",
Переданы агрументы "['cookie', 200]",
дата и время - 06.08.26 14:02

Сработала функция "Product.__init__",
Переданы агрументы "['kiwi', 150]",
дата и время - 06.08.26 14:02

Сработала функция "Product.__init__",
Переданы агрументы "['beef', 600]",
дата и время - 06.08.26 14:02

Сработала функция "Store.add_product",
Переданы агрументы "[<__main__.Product object at 0x00000246C5689A90>]",
дата и время - 06.08.26 14:02

Сработала функция "Store.add_product",
Переданы агрументы "[<__main__.Product object at 0x00000246C56E8510>]",
дата и время - 06.08.26 14:02

Сработала функция "Product.__str__",
Переданы агрументы "[]",
дата и время - 06.08.26 14:02

Сработала функция "Product.__init__",
Переданы агрументы "['kiwi', 100]",
дата и время - 06.08.26 14:02

Сработала функция "Product.__str__",
Переданы агрументы "[]",
дата и время - 06.08.26 14:02

Сработала функция "Product.__init__",
Переданы агрументы "['milk', 89]",
дата и время - 06.08.26 14:03

Сработала функция "Product.__init__",
Переданы агрументы "['milk', 89]",
дата и время - 06.08.26 14:03

Сработала функция "Product.__init__",
Переданы агрументы "['bread', 67]",
дата и время - 06.08.26 14:03

Сработала функция "Product.__init__",
Переданы агрументы "['bread', 57]",
дата и время - 06.08.26 14:03

Сработала функция "Product.__init__",
Переданы агрументы "['cookie', 200]",
дата и время - 06.08.26 14:03

Сработала функция "Product.__init__",
Переданы агрументы "['kiwi', 150]",
дата и время - 06.08.26 14:03

Сработала функция "Product.__init__",
Переданы агрументы "['beef', 600]",
дата и время - 06.08.26 14:03

Сработала функция "Store.add_product",
Переданы агрументы "[<__main__.Product object at 0x00000249A4E69A90>]",
дата и время - 06.08.26 14:03

Сработала функция "Store.add_product",
Переданы агрументы "[<__main__.Product object at 0x00000249A4EC8510>]",
дата и время - 06.08.26 14:03

Сработала функция "Product.__str__",
Переданы агрументы "[]",
дата и время - 06.08.26 14:03

Сработала функция "Product.__init__",
Переданы агрументы "['kiwi', 100]",
дата и время - 06.08.26 14:03

Сработала функция "Product.__str__",
Переданы агрументы "[]",
дата и время - 06.08.26 14:03

Сработала функция "Product.__init__",
Переданы агрументы "['milk', 89]",
дата и время - 06.08.26 14:09

Сработала функция "Product.__init__",
Переданы агрументы "['milk', 89]",
дата и время - 06.08.26 14:09

Сработала функция "Product.__init__",
Переданы агрументы "['bread', 67]",
дата и время - 06.08.26 14:09

Сработала функция "Product.__init__",
Переданы агрументы "['bread', 57]",
дата и время - 06.08.26 14:09

Сработала функция "Product.__init__",
Переданы агрументы "['cookie', 200]",
дата и время - 06.08.26 14:09

Сработала функция "Product.__init__",
Переданы агрументы "['kiwi', 150]",
дата и время - 06.08.26 14:09

Сработала функция "Product.__init__",
Переданы агрументы "['beef', 600]",
дата и время - 06.08.26 14:09

Сработала функция "Store.add_product",
Переданы агрументы "[<__main__.Product object at 0x0000028E55E79A90>]",
дата и время - 06.08.26 14:09

Сработала функция "Store.add_product",
Переданы агрументы "[<__main__.Product object at 0x0000028E55ED8510>]",
дата и время - 06.08.26 14:09

Сработала функция "Product.__str__",
Переданы агрументы "[]",
дата и время - 06.08.26 14:09

Сработала функция "Product.__init__",
Переданы агрументы "['kiwi', 100]",
дата и время - 06.08.26 14:09

Сработала функция "Product.__str__",
Переданы агрументы "[]",
дата и время - 06.08.26 14:09

Сработала функция "Product.__init__",
Переданы агрументы "['milk', 89]",
дата и время - 06.08.26 14:09

Сработала функция "Product.__init__",
Переданы агрументы "['milk', 89]",
дата и время - 06.08.26 14:09

Сработала функция "Product.__init__",
Переданы агрументы "['bread', 67]",
дата и время - 06.08.26 14:09

Сработала функция "Product.__init__",
Переданы агрументы "['bread', 57]",
дата и время - 06.08.26 14:09

Сработала функция "Product.__init__",
Переданы агрументы "['cookie', 200]",
дата и время - 06.08.26 14:09

Сработала функция "Product.__init__",
Переданы агрументы "['kiwi', 150]",
дата и время - 06.08.26 14:09

Сработала функция "Product.__init__",
Переданы агрументы "['beef', 600]",
дата и время - 06.08.26 14:09

Сработала функция "Store.add_product",
Переданы агрументы "[<__main__.Product object at 0x000002AB816F9A90>]",
дата и время - 06.08.26 14:09

Сработала функция "Store.add_product",
Переданы агрументы "[<__main__.Product object at 0x000002AB81758510>]",
дата и время - 06.08.26 14:09

Сработала функция "Product.__str__",
Переданы агрументы "[]",
дата и время - 06.08.26 14:09

Сработала функция "Product.__init__",
Переданы агрументы "['kiwi', 100]",
дата и время - 06.08.26 14:09

Сработала функция "Product.__str__",
Переданы агрументы "[]",
дата и время - 06.08.26 14:09

Сработала функция "Product.__init__",
Переданы агрументы "['milk', 89]",
дата и время - 06.08.26 14:55

Сработала функция "Product.__init__",
Переданы агрументы "['milk', 89]",
дата и время - 06.08.26 14:55

Сработала функция "Product.__init__",
Переданы агрументы "['bread', 67]",
дата и время - 06.08.26 14:55

Сработала функция "Product.__init__",
Переданы агрументы "['bread', 57]",
дата и время - 06.08.26 14:55

Сработала функция "Product.__init__",
Переданы агрументы "['cookie', 200]",
дата и время - 06.08.26 14:55

Сработала функция "Product.__init__",
Переданы агрументы "['kiwi', 150]",
дата и время - 06.08.26 14:55

Сработала функция "Product.__init__",
Переданы агрументы "['beef', 600]",
дата и время - 06.08.26 14:55

Сработала функция "Store.add_product",
Переданы агрументы "[<__main__.Product object at 0x0000024B32ED9A90>]",
дата и время - 06.08.26 14:55

Сработала функция "Store.add_product",
Переданы агрументы "[<__main__.Product object at 0x0000024B32F38510>]",
дата и время - 06.08.26 14:55

Сработала функция "Product.__str__",
Переданы агрументы "[]",
дата и время - 06.08.26 14:55

Сработала функция "Product.__init__",
Переданы агрументы "['kiwi', 100]",
дата и время - 06.08.26 14:55

Сработала функция "Product.__str__",
Переданы агрументы "[]",
дата и время - 06.08.26 14:55

Сработала функция "Product.__init__",
Переданы агрументы "['milk', 89]",
дата и время - 06.08.26 14:57

Сработала функция "Product.__init__",
Переданы агрументы "['milk', 89]",
дата и время - 06.08.26 14:57

Сработала функция "Product.__init__",
Переданы агрументы "['bread', 67]",
дата и время - 06.08.26 14:57

Сработала функция "Product.__init__",
Переданы агрументы "['bread', 57]",
дата и время - 06.08.26 14:57

Сработала функция "Product.__init__",
Переданы агрументы "['cookie', 200]",
дата и время - 06.08.26 14:57

Сработала функция "Product.__init__",
Переданы агрументы "['kiwi', 150]",
дата и время - 06.08.26 14:57

Сработала функция "Product.__init__",
Переданы агрументы "['beef', 600]",
дата и время - 06.08.26 14:57

Сработала функция "Store.add_product",
Переданы агрументы "[<__main__.Product object at 0x000001ADB0069A90>]",
дата и время - 06.08.26 14:57

Сработала функция "Store.add_product",
Переданы агрументы "[<__main__.Product object at 0x000001ADB00C8510>]",
дата и время - 06.08.26 14:57

Сработала функция "Product.__str__",
Переданы агрументы "[]",
дата и время - 06.08.26 14:57

Сработала функция "Product.__str__",
Переданы агрументы "[]",
дата и время - 06.08.26 14:57

Сработала функция "Product.__str__",
Переданы агрументы "[]",
дата и время - 06.08.26 14:57

Сработала функция "Product.__str__",
Переданы агрументы "[]",
дата и время - 06.08.26 14:57

Сработала функция "Product.__init__",
Переданы агрументы "['milk', 89]",
дата и время - 06.08.26 14:58

Сработала функция "Product.__init__",
Переданы агрументы "['milk', 89]",
дата и время - 06.08.26 14:58

Сработала функция "Product.__init__",
Переданы агрументы "['bread', 67]",
дата и время - 06.08.26 14:58

Сработала функция "Product.__init__",
Переданы агрументы "['bread', 57]",
дата и время - 06.08.26 14:58

Сработала функция "Product.__init__",
Переданы агрументы "['cookie', 200]",
дата и время - 06.08.26 14:58

Сработала функция "Product.__init__",
Переданы агрументы "['kiwi', 150]",
дата и время - 06.08.26 14:58

Сработала функция "Product.__init__",
Переданы агрументы "['beef', 600]",
дата и время - 06.08.26 14:58

Сработала функция "Store.add_product",
Переданы агрументы "[<__main__.Product object at 0x000002260B4F9A90>]",
дата и время - 06.08.26 14:58

Сработала функция "Store.add_product",
Переданы агрументы "[<__main__.Product object at 0x000002260B558510>]",
дата и время - 06.08.26 14:58

Сработала функция "Product.__str__",
Переданы агрументы "[]",
дата и время - 06.08.26 14:58

Сработала функция "Product.__str__",
Переданы агрументы "[]",
дата и время - 06.08.26 14:58

Сработала функция "Product.__str__",
Переданы агрументы "[]",
дата и время - 06.08.26 14:58

Сработала функция "Product.__str__",
Переданы агрументы "[]",
дата и время - 06.08.26 14:58

Сработала функция "Product.__init__",
Переданы агрументы "['milk', 89]",
дата и время - 06.08.26 14:58

Сработала функция "Product.__init__",
Переданы агрументы "['milk', 89]",
дата и время - 06.08.26 14:58

Сработала функция "Product.__init__",
Переданы агрументы "['bread', 67]",
дата и время - 06.08.26 14:58

Сработала функция "Product.__init__",
Переданы агрументы "['bread', 57]",
дата и время - 06.08.26 14:58

Сработала функция "Product.__init__",
Переданы агрументы "['cookie', 200]",
дата и время - 06.08.26 14:58

Сработала функция "Product.__init__",
Переданы агрументы "['kiwi', 150]",
дата и время - 06.08.26 14:58

Сработала функция "Product.__init__",
Переданы агрументы "['beef', 600]",
дата и время - 06.08.26 14:58

Сработала функция "Store.add_product",
Переданы агрументы "[<__main__.Product object at 0x0000021FA1559A90>]",
дата и время - 06.08.26 14:58

Сработала функция "Store.add_product",
Переданы агрументы "[<__main__.Product object at 0x0000021FA15B8510>]",
дата и время - 06.08.26 14:58

Сработала функция "Product.__str__",
Переданы агрументы "[]",
дата и время - 06.08.26 14:58

Сработала функция "Product.__str__",
Переданы агрументы "[]",
дата и время - 06.08.26 14:58

Сработала функция "Product.__str__",
Переданы агрументы "[]",
дата и время - 06.08.26 14:58

Сработала функция "Product.__str__",
Переданы агрументы "[]",
дата и время - 06.08.26 14:58

Сработала функция "Product.__init__",
Переданы агрументы "['milk', 89]",
дата и время - 06.08.26 14:58

Сработала функция "Product.__init__",
Переданы агрументы "['milk', 89]",
дата и время - 06.08.26 14:58

Сработала функция "Product.__init__",
Переданы агрументы "['bread', 67]",
дата и время - 06.08.26 14:58

Сработала функция "Product.__init__",
Переданы агрументы "['bread', 57]",
дата и время - 06.08.26 14:58

Сработала функция "Product.__init__",
Переданы агрументы "['cookie', 200]",
дата и время - 06.08.26 14:58

Сработала функция "Product.__init__",
Переданы агрументы "['kiwi', 150]",
дата и время - 06.08.26 14:58

Сработала функция "Product.__init__",
Переданы агрументы "['beef', 600]",
дата и время - 06.08.26 14:58

Сработала функция "Store.add_product",
Переданы агрументы "[<__main__.Product object at 0x000002A55F5F9A90>]",
дата и время - 06.08.26 14:58

Сработала функция "Store.add_product",
Переданы агрументы "[<__main__.Product object at 0x000002A55F658510>]",
дата и время - 06.08.26 14:58

Сработала функция "Product.__str__",
Переданы агрументы "[]",
дата и время - 06.08.26 14:58

Сработала функция "Product.__init__",
Переданы агрументы "['milk', 89]",
дата и время - 06.08.26 14:58

Сработала функция "Product.__init__",
Переданы агрументы "['milk', 89]",
дата и время - 06.08.26 14:58

Сработала функция "Product.__init__",
Переданы агрументы "['bread', 67]",
дата и время - 06.08.26 14:58

Сработала функция "Product.__init__",
Переданы агрументы "['bread', 57]",
дата и время - 06.08.26 14:58

Сработала функция "Product.__init__",
Переданы агрументы "['cookie', 200]",
дата и время - 06.08.26 14:58

Сработала функция "Product.__init__",
Переданы агрументы "['kiwi', 150]",
дата и время - 06.08.26 14:58

Сработала функция "Product.__init__",
Переданы агрументы "['beef', 600]",
дата и время - 06.08.26 14:58

Сработала функция "Store.add_product",
Переданы агрументы "[<__main__.Product object at 0x0000027D08279A90>]",
дата и время - 06.08.26 14:58

Сработала функция "Store.add_product",
Переданы агрументы "[<__main__.Product object at 0x0000027D082D8510>]",
дата и время - 06.08.26 14:58

Сработала функция "Product.__str__",
Переданы агрументы "[]",
дата и время - 06.08.26 14:58

Сработала функция "Product.__init__",
Переданы агрументы "['milk', 89]",
дата и время - 06.08.26 14:59

Сработала функция "Product.__init__",
Переданы агрументы "['milk', 89]",
дата и время - 06.08.26 14:59

Сработала функция "Product.__init__",
Переданы агрументы "['bread', 67]",
дата и время - 06.08.26 14:59

Сработала функция "Product.__init__",
Переданы агрументы "['bread', 57]",
дата и время - 06.08.26 14:59

Сработала функция "Product.__init__",
Переданы агрументы "['cookie', 200]",
дата и время - 06.08.26 14:59

Сработала функция "Product.__init__",
Переданы агрументы "['kiwi', 150]",
дата и время - 06.08.26 14:59

Сработала функция "Product.__init__",
Переданы агрументы "['beef', 600]",
дата и время - 06.08.26 14:59

Сработала функция "Store.add_product",
Переданы агрументы "[<__main__.Product object at 0x0000024B421F9A90>]",
дата и время - 06.08.26 14:59

Сработала функция "Store.add_product",
Переданы агрументы "[<__main__.Product object at 0x0000024B42258510>]",
дата и время - 06.08.26 14:59

Сработала функция "Product.__str__",
Переданы агрументы "[]",
дата и время - 06.08.26 14:59

Сработала функция "Product.__init__",
Переданы агрументы "['milk', 89]",
дата и время - 06.08.26 14:59

Сработала функция "Product.__init__",
Переданы агрументы "['milk', 89]",
дата и время - 06.08.26 14:59

Сработала функция "Product.__init__",
Переданы агрументы "['bread', 67]",
дата и время - 06.08.26 14:59

Сработала функция "Product.__init__",
Переданы агрументы "['bread', 57]",
дата и время - 06.08.26 14:59

Сработала функция "Product.__init__",
Переданы агрументы "['cookie', 200]",
дата и время - 06.08.26 14:59

Сработала функция "Product.__init__",
Переданы агрументы "['kiwi', 150]",
дата и время - 06.08.26 14:59

Сработала функция "Product.__init__",
Переданы агрументы "['beef', 600]",
дата и время - 06.08.26 14:59

Сработала функция "Store.add_product",
Переданы агрументы "[<__main__.Product object at 0x0000026667599A90>]",
дата и время - 06.08.26 14:59

Сработала функция "Store.add_product",
Переданы агрументы "[<__main__.Product object at 0x00000266675F8510>]",
дата и время - 06.08.26 14:59

Сработала функция "Product.__str__",
Переданы агрументы "[]",
дата и время - 06.08.26 14:59

Сработала функция "Product.__init__",
Переданы агрументы "['milk', 89]",
дата и время - 06.08.26 15:00

Сработала функция "Product.__init__",
Переданы агрументы "['milk', 89]",
дата и время - 06.08.26 15:00

Сработала функция "Product.__init__",
Переданы агрументы "['bread', 67]",
дата и время - 06.08.26 15:00

Сработала функция "Product.__init__",
Переданы агрументы "['bread', 57]",
дата и время - 06.08.26 15:00

Сработала функция "Product.__init__",
Переданы агрументы "['cookie', 200]",
дата и время - 06.08.26 15:00

Сработала функция "Product.__init__",
Переданы агрументы "['kiwi', 150]",
дата и время - 06.08.26 15:00

Сработала функция "Product.__init__",
Переданы агрументы "['beef', 600]",
дата и время - 06.08.26 15:00

Сработала функция "Store.add_product",
Переданы агрументы "[<__main__.Product object at 0x0000024E92FE9A90>]",
дата и время - 06.08.26 15:00

Сработала функция "Store.add_product",
Переданы агрументы "[<__main__.Product object at 0x0000024E93048510>]",
дата и время - 06.08.26 15:00

Сработала функция "Product.__str__",
Переданы агрументы "[]",
дата и время - 06.08.26 15:00

Сработала функция "Product.__str__",
Переданы агрументы "[]",
дата и время - 06.08.26 15:00

Сработала функция "Product.__init__",
Переданы агрументы "['milk', 89]",
дата и время - 06.08.26 15:00

Сработала функция "Product.__init__",
Переданы агрументы "['milk', 89]",
дата и время - 06.08.26 15:00

Сработала функция "Product.__init__",
Переданы агрументы "['bread', 67]",
дата и время - 06.08.26 15:00

Сработала функция "Product.__init__",
Переданы агрументы "['bread', 57]",
дата и время - 06.08.26 15:00

Сработала функция "Product.__init__",
Переданы агрументы "['cookie', 200]",
дата и время - 06.08.26 15:00

Сработала функция "Product.__init__",
Переданы агрументы "['kiwi', 150]",
дата и время - 06.08.26 15:00

Сработала функция "Product.__init__",
Переданы агрументы "['beef', 600]",
дата и время - 06.08.26 15:00

Сработала функция "Store.add_product",
Переданы агрументы "[<__main__.Product object at 0x0000019406FA9A90>]",
дата и время - 06.08.26 15:00

Сработала функция "Store.add_product",
Переданы агрументы "[<__main__.Product object at 0x0000019407008510>]",
дата и время - 06.08.26 15:00

Сработала функция "Product.__str__",
Переданы агрументы "[]",
дата и время - 06.08.26 15:00

Сработала функция "Product.__str__",
Переданы агрументы "[]",
дата и время - 06.08.26 15:00

Сработала функция "Product.__str__",
Переданы агрументы "[]",
дата и время - 06.08.26 15:00

Сработала функция "Product.__init__",
Переданы агрументы "['milk', 89]",
дата и время - 06.08.26 15:00

Сработала функция "Product.__init__",
Переданы агрументы "['milk', 89]",
дата и время - 06.08.26 15:00

Сработала функция "Product.__init__",
Переданы агрументы "['bread', 67]",
дата и время - 06.08.26 15:00

Сработала функция "Product.__init__",
Переданы агрументы "['bread', 57]",
дата и время - 06.08.26 15:00

Сработала функция "Product.__init__",
Переданы агрументы "['cookie', 200]",
дата и время - 06.08.26 15:00

Сработала функция "Product.__init__",
Переданы агрументы "['kiwi', 150]",
дата и время - 06.08.26 15:00

Сработала функция "Product.__init__",
Переданы агрументы "['beef', 600]",
дата и время - 06.08.26 15:00

Сработала функция "Store.add_product",
Переданы агрументы "[<__main__.Product object at 0x0000021CB9CA9A90>]",
дата и время - 06.08.26 15:00

Сработала функция "Store.add_product",
Переданы агрументы "[<__main__.Product object at 0x0000021CB9D08510>]",
дата и время - 06.08.26 15:00

Сработала функция "Product.__str__",
Переданы агрументы "[]",
дата и время - 06.08.26 15:00

Сработала функция "Product.__str__",
Переданы агрументы "[]",
дата и время - 06.08.26 15:00

Сработала функция "Product.__str__",
Переданы агрументы "[]",
дата и время - 06.08.26 15:00

Сработала функция "Product.__init__",
Переданы агрументы "['milk', 89]",
дата и время - 06.08.26 15:00

Сработала функция "Product.__init__",
Переданы агрументы "['milk', 89]",
дата и время - 06.08.26 15:00

Сработала функция "Product.__init__",
Переданы агрументы "['bread', 67]",
дата и время - 06.08.26 15:00

Сработала функция "Product.__init__",
Переданы агрументы "['bread', 57]",
дата и время - 06.08.26 15:00

Сработала функция "Product.__init__",
Переданы агрументы "['cookie', 200]",
дата и время - 06.08.26 15:00

Сработала функция "Product.__init__",
Переданы агрументы "['kiwi', 150]",
дата и время - 06.08.26 15:00

Сработала функция "Product.__init__",
Переданы агрументы "['beef', 600]",
дата и время - 06.08.26 15:00

Сработала функция "Store.add_product",
Переданы агрументы "[<__main__.Product object at 0x0000022831849A90>]",
дата и время - 06.08.26 15:00

Сработала функция "Store.add_product",
Переданы агрументы "[<__main__.Product object at 0x00000228318A8510>]",
дата и время - 06.08.26 15:00

Сработала функция "Product.__str__",
Переданы агрументы "[]",
дата и время - 06.08.26 15:00

Сработала функция "Product.__str__",
Переданы агрументы "[]",
дата и время - 06.08.26 15:00

Сработала функция "Product.__str__",
Переданы агрументы "[]",
дата и время - 06.08.26 15:00

Сработала функция "Product.__str__",
Переданы агрументы "[]",
дата и время - 06.08.26 15:00

Сработала функция "Product.__init__",
Переданы агрументы "['milk', 89]",
дата и время - 06.08.26 15:00

Сработала функция "Product.__init__",
Переданы агрументы "['milk', 89]",
дата и время - 06.08.26 15:00

Сработала функция "Product.__init__",
Переданы агрументы "['bread', 67]",
дата и время - 06.08.26 15:00

Сработала функция "Product.__init__",
Переданы агрументы "['bread', 57]",
дата и время - 06.08.26 15:00

Сработала функция "Product.__init__",
Переданы агрументы "['cookie', 200]",
дата и время - 06.08.26 15:00

Сработала функция "Product.__init__",
Переданы агрументы "['kiwi', 150]",
дата и время - 06.08.26 15:00

Сработала функция "Product.__init__",
Переданы агрументы "['beef', 600]",
дата и время - 06.08.26 15:00

Сработала функция "Store.add_product",
Переданы агрументы "[<__main__.Product object at 0x0000016B02539A90>]",
дата и время - 06.08.26 15:00

Сработала функция "Store.add_product",
Переданы агрументы "[<__main__.Product object at 0x0000016B02598510>]",
дата и время - 06.08.26 15:00

Сработала функция "Product.__str__",
Переданы агрументы "[]",
дата и время - 06.08.26 15:00

Сработала функция "Product.__str__",
Переданы агрументы "[]",
дата и время - 06.08.26 15:00

Сработала функция "Product.__str__",
Переданы агрументы "[]",
дата и время - 06.08.26 15:00

Сработала функция "Product.__str__",
Переданы агрументы "[]",
дата и время - 06.08.26 15:00

Сработала функция "Product.__init__",
Переданы агрументы "['milk', 89]",
дата и время - 06.08.26 15:02

Сработала функция "Product.__init__",
Переданы агрументы "['milk', 89]",
дата и время - 06.08.26 15:02

Сработала функция "Product.__init__",
Переданы агрументы "['bread', 67]",
дата и время - 06.08.26 15:02

Сработала функция "Product.__init__",
Переданы агрументы "['bread', 57]",
дата и время - 06.08.26 15:02

Сработала функция "Product.__init__",
Переданы агрументы "['cookie', 200]",
дата и время - 06.08.26 15:02

Сработала функция "Product.__init__",
Переданы агрументы "['kiwi', 150]",
дата и время - 06.08.26 15:02

Сработала функция "Product.__init__",
Переданы агрументы "['beef', 600]",
дата и время - 06.08.26 15:02

Сработала функция "Store.add_product",
Переданы агрументы "[<__main__.Product object at 0x000001C0786C9A90>]",
дата и время - 06.08.26 15:02

Сработала функция "Store.add_product",
Переданы агрументы "[<__main__.Product object at 0x000001C078728510>]",
дата и время - 06.08.26 15:02

Сработала функция "Product.__str__",
Переданы агрументы "[]",
дата и время - 06.08.26 15:02

Сработала функция "Product.__str__",
Переданы агрументы "[]",
дата и время - 06.08.26 15:02

Сработала функция "Product.__str__",
Переданы агрументы "[]",
дата и время - 06.08.26 15:02

Сработала функция "Product.__str__",
Переданы агрументы "[]",
дата и время - 06.08.26 15:02

Сработала функция "Product.__init__",
Переданы агрументы "['milk', 89]",
дата и время - 06.08.26 15:07

Сработала функция "Product.__init__",
Переданы агрументы "['milk', 89]",
дата и время - 06.08.26 15:07

Сработала функция "Product.__init__",
Переданы агрументы "['bread', 67]",
дата и время - 06.08.26 15:07

Сработала функция "Product.__init__",
Переданы агрументы "['bread', 57]",
дата и время - 06.08.26 15:07

Сработала функция "Product.__init__",
Переданы агрументы "['cookie', 200]",
дата и время - 06.08.26 15:07

Сработала функция "Product.__init__",
Переданы агрументы "['kiwi', 150]",
дата и время - 06.08.26 15:07

Сработала функция "Product.__init__",
Переданы агрументы "['beef', 600]",
дата и время - 06.08.26 15:07

Сработала функция "Store.add_product",
Переданы агрументы "[<__main__.Product object at 0x000001E7E8749A90>]",
дата и время - 06.08.26 15:07

Сработала функция "Store.add_product",
Переданы агрументы "[<__main__.Product object at 0x000001E7E87A8640>]",
дата и время - 06.08.26 15:07

Сработала функция "Product.__str__",
Переданы агрументы "[]",
дата и время - 06.08.26 15:07

Сработала функция "Product.__str__",
Переданы агрументы "[]",
дата и время - 06.08.26 15:07

Сработала функция "Product.__str__",
Переданы агрументы "[]",
дата и время - 06.08.26 15:07

Сработала функция "Product.__str__",
Переданы агрументы "[]",
дата и время - 06.08.26 15:07

Сработала функция "Product.__init__",
Переданы агрументы "['milk', 89]",
дата и время - 06.08.26 15:07

Сработала функция "Product.__init__",
Переданы агрументы "['milk', 89]",
дата и время - 06.08.26 15:07

Сработала функция "Product.__init__",
Переданы агрументы "['bread', 67]",
дата и время - 06.08.26 15:07

Сработала функция "Product.__init__",
Переданы агрументы "['bread', 57]",
дата и время - 06.08.26 15:07

Сработала функция "Product.__init__",
Переданы агрументы "['cookie', 200]",
дата и время - 06.08.26 15:07

Сработала функция "Product.__init__",
Переданы агрументы "['kiwi', 150]",
дата и время - 06.08.26 15:07

Сработала функция "Product.__init__",
Переданы агрументы "['beef', 600]",
дата и время - 06.08.26 15:07

Сработала функция "Store.add_product",
Переданы агрументы "[<__main__.Product object at 0x000001B44C8B9A90>]",
дата и время - 06.08.26 15:07

Сработала функция "Store.add_product",
Переданы агрументы "[<__main__.Product object at 0x000001B44C918640>]",
дата и время - 06.08.26 15:07

Сработала функция "Product.__str__",
Переданы агрументы "[]",
дата и время - 06.08.26 15:07

Сработала функция "Product.__str__",
Переданы агрументы "[]",
дата и время - 06.08.26 15:07

Сработала функция "Product.__str__",
Переданы агрументы "[]",
дата и время - 06.08.26 15:07

Сработала функция "Product.__str__",
Переданы агрументы "[]",
дата и время - 06.08.26 15:07

Сработала функция "Product.__init__",
Переданы агрументы "['milk', 89]",
дата и время - 06.08.26 15:08

Сработала функция "Product.__init__",
Переданы агрументы "['milk', 89]",
дата и время - 06.08.26 15:08

Сработала функция "Product.__init__",
Переданы агрументы "['bread', 67]",
дата и время - 06.08.26 15:08

Сработала функция "Product.__init__",
Переданы агрументы "['bread', 57]",
дата и время - 06.08.26 15:08

Сработала функция "Product.__init__",
Переданы агрументы "['cookie', 200]",
дата и время - 06.08.26 15:08

Сработала функция "Product.__init__",
Переданы агрументы "['kiwi', 150]",
дата и время - 06.08.26 15:08

Сработала функция "Product.__init__",
Переданы агрументы "['beef', 600]",
дата и время - 06.08.26 15:08

Сработала функция "Store.add_product",
Переданы агрументы "[<__main__.Product object at 0x00000164C5979A90>]",
дата и время - 06.08.26 15:08

Сработала функция "Store.add_product",
Переданы агрументы "[<__main__.Product object at 0x00000164C59D8640>]",
дата и время - 06.08.26 15:08

Сработала функция "Product.__str__",
Переданы агрументы "[]",
дата и время - 06.08.26 15:08

Сработала функция "Product.__str__",
Переданы агрументы "[]",
дата и время - 06.08.26 15:08

Сработала функция "Product.__str__",
Переданы агрументы "[]",
дата и время - 06.08.26 15:08

Сработала функция "Product.__str__",
Переданы агрументы "[]",
дата и время - 06.08.26 15:08

Сработала функция "Product.__init__",
Переданы агрументы "['milk', 89]",
дата и время - 06.08.26 15:14

Сработала функция "Product.__init__",
Переданы агрументы "['milk', 89]",
дата и время - 06.08.26 15:14

Сработала функция "Product.__init__",
Переданы агрументы "['bread', 67]",
дата и время - 06.08.26 15:14

Сработала функция "Product.__init__",
Переданы агрументы "['bread', 57]",
дата и время - 06.08.26 15:14

Сработала функция "Product.__init__",
Переданы агрументы "['cookie', 200]",
дата и время - 06.08.26 15:14

Сработала функция "Product.__init__",
Переданы агрументы "['kiwi', 150]",
дата и время - 06.08.26 15:14

Сработала функция "Product.__init__",
Переданы агрументы "['beef', 600]",
дата и время - 06.08.26 15:14

Сработала функция "Store.add_product",
Переданы агрументы "[<__main__.Product object at 0x00000173B5059A90>]",
дата и время - 06.08.26 15:14

Сработала функция "Store.add_product",
Переданы агрументы "[<__main__.Product object at 0x00000173B50B8510>]",
дата и время - 06.08.26 15:14

Сработала функция "Product.__str__",
Переданы агрументы "[]",
дата и время - 06.08.26 15:14

Сработала функция "Product.__init__",
Переданы агрументы "['milk', 89]",
дата и время - 06.08.26 15:15

Сработала функция "Product.__init__",
Переданы агрументы "['milk', 89]",
дата и время - 06.08.26 15:15

Сработала функция "Product.__init__",
Переданы агрументы "['bread', 67]",
дата и время - 06.08.26 15:15

Сработала функция "Product.__init__",
Переданы агрументы "['bread', 57]",
дата и время - 06.08.26 15:15

Сработала функция "Product.__init__",
Переданы агрументы "['cookie', 200]",
дата и время - 06.08.26 15:15

Сработала функция "Product.__init__",
Переданы агрументы "['kiwi', 150]",
дата и время - 06.08.26 15:15

Сработала функция "Product.__init__",
Переданы агрументы "['beef', 600]",
дата и время - 06.08.26 15:15

Сработала функция "Store.add_product",
Переданы агрументы "[<__main__.Product object at 0x000002638B169A90>]",
дата и время - 06.08.26 15:15

Сработала функция "Store.add_product",
Переданы агрументы "[<__main__.Product object at 0x000002638B1C8510>]",
дата и время - 06.08.26 15:15

Сработала функция "Product.__str__",
Переданы агрументы "[]",
дата и время - 06.08.26 15:15

Сработала функция "Product.__init__",
Переданы агрументы "['milk', 89]",
дата и время - 06.08.26 15:15

Сработала функция "Product.__init__",
Переданы агрументы "['milk', 89]",
дата и время - 06.08.26 15:15

Сработала функция "Product.__init__",
Переданы агрументы "['bread', 67]",
дата и время - 06.08.26 15:15

Сработала функция "Product.__init__",
Переданы агрументы "['bread', 57]",
дата и время - 06.08.26 15:15

Сработала функция "Product.__init__",
Переданы агрументы "['cookie', 200]",
дата и время - 06.08.26 15:15

Сработала функция "Product.__init__",
Переданы агрументы "['kiwi', 150]",
дата и время - 06.08.26 15:15

Сработала функция "Product.__init__",
Переданы агрументы "['beef', 600]",
дата и время - 06.08.26 15:15

Сработала функция "Store.add_product",
Переданы агрументы "[<__main__.Product object at 0x00000241E4EC9A90>]",
дата и время - 06.08.26 15:15

Сработала функция "Store.add_product",
Переданы агрументы "[<__main__.Product object at 0x00000241E4F28510>]",
дата и время - 06.08.26 15:15

Сработала функция "Product.__str__",
Переданы агрументы "[]",
дата и время - 06.08.26 15:15

Сработала функция "Product.__init__",
Переданы агрументы "['milk', 89]",
дата и время - 06.08.26 15:16

Сработала функция "Product.__init__",
Переданы агрументы "['milk', 89]",
дата и время - 06.08.26 15:16

Сработала функция "Product.__init__",
Переданы агрументы "['bread', 67]",
дата и время - 06.08.26 15:16

Сработала функция "Product.__init__",
Переданы агрументы "['bread', 57]",
дата и время - 06.08.26 15:16

Сработала функция "Product.__init__",
Переданы агрументы "['cookie', 200]",
дата и время - 06.08.26 15:16

Сработала функция "Product.__init__",
Переданы агрументы "['kiwi', 150]",
дата и время - 06.08.26 15:16

Сработала функция "Product.__init__",
Переданы агрументы "['beef', 600]",
дата и время - 06.08.26 15:16

Сработала функция "Store.add_product",
Переданы агрументы "[<__main__.Product object at 0x00000167641A9A90>]",
дата и время - 06.08.26 15:16

Сработала функция "Store.add_product",
Переданы агрументы "[<__main__.Product object at 0x0000016764208510>]",
дата и время - 06.08.26 15:16

Сработала функция "Product.__str__",
Переданы агрументы "[]",
дата и время - 06.08.26 15:16

Сработала функция "Product.__init__",
Переданы агрументы "['milk', 89]",
дата и время - 06.08.26 15:16

Сработала функция "Product.__init__",
Переданы агрументы "['milk', 89]",
дата и время - 06.08.26 15:16

Сработала функция "Product.__init__",
Переданы агрументы "['bread', 67]",
дата и время - 06.08.26 15:16

Сработала функция "Product.__init__",
Переданы агрументы "['bread', 57]",
дата и время - 06.08.26 15:16

Сработала функция "Product.__init__",
Переданы агрументы "['cookie', 200]",
дата и время - 06.08.26 15:16

Сработала функция "Product.__init__",
Переданы агрументы "['kiwi', 150]",
дата и время - 06.08.26 15:16

Сработала функция "Product.__init__",
Переданы агрументы "['beef', 600]",
дата и время - 06.08.26 15:16

Сработала функция "Store.add_product",
Переданы агрументы "[<__main__.Product object at 0x000002571E439A90>]",
дата и время - 06.08.26 15:16

Сработала функция "Store.add_product",
Переданы агрументы "[<__main__.Product object at 0x000002571E498510>]",
дата и время - 06.08.26 15:16

Сработала функция "Product.__str__",
Переданы агрументы "[]",
дата и время - 06.08.26 15:16

Сработала функция "Product.__init__",
Переданы агрументы "['milk', 89]",
дата и время - 06.08.26 15:22

Сработала функция "Product.__init__",
Переданы агрументы "['milk', 89]",
дата и время - 06.08.26 15:22

Сработала функция "Product.__init__",
Переданы агрументы "['bread', 67]",
дата и время - 06.08.26 15:22

Сработала функция "Product.__init__",
Переданы агрументы "['bread', 57]",
дата и время - 06.08.26 15:22

Сработала функция "Product.__init__",
Переданы агрументы "['cookie', 200]",
дата и время - 06.08.26 15:22

Сработала функция "Product.__init__",
Переданы агрументы "['kiwi', 150]",
дата и время - 06.08.26 15:22

Сработала функция "Product.__init__",
Переданы агрументы "['beef', 600]",
дата и время - 06.08.26 15:22

Сработала функция "Store.add_product",
Переданы агрументы "[<__main__.Product object at 0x0000019C5C929A90>]",
дата и время - 06.08.26 15:22

Сработала функция "Store.add_product",
Переданы агрументы "[<__main__.Product object at 0x0000019C5C988510>]",
дата и время - 06.08.26 15:22

Сработала функция "Product.__str__",
Переданы агрументы "[]",
дата и время - 06.08.26 15:22

Сработала функция "Product.__init__",
Переданы агрументы "['milk', 89]",
дата и время - 06.08.26 15:23

Сработала функция "Product.__init__",
Переданы агрументы "['milk', 89]",
дата и время - 06.08.26 15:23

Сработала функция "Product.__init__",
Переданы агрументы "['bread', 67]",
дата и время - 06.08.26 15:23

Сработала функция "Product.__init__",
Переданы агрументы "['bread', 57]",
дата и время - 06.08.26 15:23

Сработала функция "Product.__init__",
Переданы агрументы "['cookie', 200]",
дата и время - 06.08.26 15:23

Сработала функция "Product.__init__",
Переданы агрументы "['kiwi', 150]",
дата и время - 06.08.26 15:23

Сработала функция "Product.__init__",
Переданы агрументы "['beef', 600]",
дата и время - 06.08.26 15:23

Сработала функция "Store.add_product",
Переданы агрументы "[<__main__.Product object at 0x000001AC9BB09A90>]",
дата и время - 06.08.26 15:23

Сработала функция "Store.add_product",
Переданы агрументы "[<__main__.Product object at 0x000001AC9BB68510>]",
дата и время - 06.08.26 15:23

Сработала функция "Product.__str__",
Переданы агрументы "[]",
дата и время - 06.08.26 15:23

Сработала функция "Product.__init__",
Переданы агрументы "['milk', 89]",
дата и время - 06.08.26 15:38

Сработала функция "Product.__init__",
Переданы агрументы "['milk', 89]",
дата и время - 06.08.26 15:38

Сработала функция "Product.__init__",
Переданы агрументы "['bread', 67]",
дата и время - 06.08.26 15:38

Сработала функция "Product.__init__",
Переданы агрументы "['bread', 57]",
дата и время - 06.08.26 15:38

Сработала функция "Product.__init__",
Переданы агрументы "['cookie', 200]",
дата и время - 06.08.26 15:38

Сработала функция "Product.__init__",
Переданы агрументы "['kiwi', 150]",
дата и время - 06.08.26 15:38

Сработала функция "Product.__init__",
Переданы агрументы "['beef', 600]",
дата и время - 06.08.26 15:38

Сработала функция "Store.add_product",
Переданы агрументы "[<__main__.Product object at 0x0000024EAEF29A90>]",
дата и время - 06.08.26 15:38

Сработала функция "Store.add_product",
Переданы агрументы "[<__main__.Product object at 0x0000024EAEF88640>]",
дата и время - 06.08.26 15:38

Сработала функция "Product.__str__",
Переданы агрументы "[]",
дата и время - 06.08.26 15:38

Сработала функция "Product.__init__",
Переданы агрументы "['milk', 89]",
дата и время - 06.08.26 15:43

Сработала функция "Product.__init__",
Переданы агрументы "['milk', 89]",
дата и время - 06.08.26 15:43

Сработала функция "Product.__init__",
Переданы агрументы "['bread', 67]",
дата и время - 06.08.26 15:43

Сработала функция "Product.__init__",
Переданы агрументы "['bread', 57]",
дата и время - 06.08.26 15:43

Сработала функция "Product.__init__",
Переданы агрументы "['cookie', 200]",
дата и время - 06.08.26 15:43

Сработала функция "Product.__init__",
Переданы агрументы "['kiwi', 150]",
дата и время - 06.08.26 15:43

Сработала функция "Product.__init__",
Переданы агрументы "['beef', 600]",
дата и время - 06.08.26 15:43

Сработала функция "Store.add_product",
Переданы агрументы "[<__main__.Product object at 0x000002BAEFD59A90>]",
дата и время - 06.08.26 15:43

Сработала функция "Store.add_product",
Переданы агрументы "[<__main__.Product object at 0x000002BAEFDB8510>]",
дата и время - 06.08.26 15:43

Сработала функция "Product.__str__",
Переданы агрументы "[]",
дата и время - 06.08.26 15:43

Сработала функция "Product.__init__",
Переданы агрументы "['milk', 89]",
дата и время - 06.08.26 15:43

Сработала функция "Product.__init__",
Переданы агрументы "['milk', 89]",
дата и время - 06.08.26 15:43

Сработала функция "Product.__init__",
Переданы агрументы "['bread', 67]",
дата и время - 06.08.26 15:43

Сработала функция "Product.__init__",
Переданы агрументы "['bread', 57]",
дата и время - 06.08.26 15:43

Сработала функция "Product.__init__",
Переданы агрументы "['cookie', 200]",
дата и время - 06.08.26 15:43

Сработала функция "Product.__init__",
Переданы агрументы "['kiwi', 150]",
дата и время - 06.08.26 15:43

Сработала функция "Product.__init__",
Переданы агрументы "['beef', 600]",
дата и время - 06.08.26 15:43

Сработала функция "Store.add_product",
Переданы агрументы "[<__main__.Product object at 0x000001862FF19A90>]",
дата и время - 06.08.26 15:43

Сработала функция "Store.add_product",
Переданы агрументы "[<__main__.Product object at 0x000001862FF78510>]",
дата и время - 06.08.26 15:43

Сработала функция "Product.__str__",
Переданы агрументы "[]",
дата и время - 06.08.26 15:43

Сработала функция "Product.__init__",
Переданы агрументы "['milk', 89]",
дата и время - 06.08.26 15:54

Сработала функция "Product.__init__",
Переданы агрументы "['milk', 89]",
дата и время - 06.08.26 15:54

Сработала функция "Product.__init__",
Переданы агрументы "['bread', 67]",
дата и время - 06.08.26 15:54

Сработала функция "Product.__init__",
Переданы агрументы "['bread', 57]",
дата и время - 06.08.26 15:54

Сработала функция "Product.__init__",
Переданы агрументы "['cookie', 200]",
дата и время - 06.08.26 15:54

Сработала функция "Product.__init__",
Переданы агрументы "['kiwi', 150]",
дата и время - 06.08.26 15:54

Сработала функция "Product.__init__",
Переданы агрументы "['beef', 600]",
дата и время - 06.08.26 15:54

Сработала функция "Store.add_product",
Переданы агрументы "[<__main__.Product object at 0x0000018C34609A90>]",
дата и время - 06.08.26 15:54

Сработала функция "Store.add_product",
Переданы агрументы "[<__main__.Product object at 0x0000018C34668510>]",
дата и время - 06.08.26 15:54

Сработала функция "Store.add_product",
Переданы агрументы "[<__main__.Product object at 0x0000018C34609A90>]",
дата и время - 06.08.26 15:54

Сработала функция "Store.add_product",
Переданы агрументы "[<__main__.Product object at 0x0000018C34668510>]",
дата и время - 06.08.26 15:54

Сработала функция "Store.add_product",
Переданы агрументы "[<__main__.Product object at 0x0000018C34668510>]",
дата и время - 06.08.26 15:54

Сработала функция "Product.__str__",
Переданы агрументы "[]",
дата и время - 06.08.26 15:54

Сработала функция "Product.__str__",
Переданы агрументы "[]",
дата и время - 06.08.26 15:54

Сработала функция "Product.__str__",
Переданы агрументы "[]",
дата и время - 06.08.26 15:54

Сработала функция "Product.__str__",
Переданы агрументы "[]",
дата и время - 06.08.26 15:54

Сработала функция "Product.__str__",
Переданы агрументы "[]",
дата и время - 06.08.26 15:54

Сработала функция "Product.__str__",
Переданы агрументы "[]",
дата и время - 06.08.26 15:54

Сработала функция "Product.__str__",
Переданы агрументы "[]",
дата и время - 06.08.26 15:54

Сработала функция "Product.__str__",
Переданы агрументы "[]",
дата и время - 06.08.26 15:54

Сработала функция "Product.__init__",
Переданы агрументы "['milk', 89]",
дата и время - 06.08.26 15:54

Сработала функция "Product.__init__",
Переданы агрументы "['milk', 89]",
дата и время - 06.08.26 15:54

Сработала функция "Product.__init__",
Переданы агрументы "['bread', 67]",
дата и время - 06.08.26 15:54

Сработала функция "Product.__init__",
Переданы агрументы "['bread', 57]",
дата и время - 06.08.26 15:54

Сработала функция "Product.__init__",
Переданы агрументы "['cookie', 200]",
дата и время - 06.08.26 15:54

Сработала функция "Product.__init__",
Переданы агрументы "['kiwi', 150]",
дата и время - 06.08.26 15:54

Сработала функция "Product.__init__",
Переданы агрументы "['beef', 600]",
дата и время - 06.08.26 15:54

Сработала функция "Store.add_product",
Переданы агрументы "[<__main__.Product object at 0x0000020694399A90>]",
дата и время - 06.08.26 15:54

Сработала функция "Store.add_product",
Переданы агрументы "[<__main__.Product object at 0x00000206943F8510>]",
дата и время - 06.08.26 15:54

Сработала функция "Store.add_product",
Переданы агрументы "[<__main__.Product object at 0x0000020694399A90>]",
дата и время - 06.08.26 15:54

Сработала функция "Store.add_product",
Переданы агрументы "[<__main__.Product object at 0x00000206943F8510>]",
дата и время - 06.08.26 15:54

Сработала функция "Store.add_product",
Переданы агрументы "[<__main__.Product object at 0x00000206943F8510>]",
дата и время - 06.08.26 15:54

Сработала функция "Product.__str__",
Переданы агрументы "[]",
дата и время - 06.08.26 15:54

Сработала функция "Product.__str__",
Переданы агрументы "[]",
дата и время - 06.08.26 15:54

Сработала функция "Product.__str__",
Переданы агрументы "[]",
дата и время - 06.08.26 15:54

Сработала функция "Product.__str__",
Переданы агрументы "[]",
дата и время - 06.08.26 15:54

Сработала функция "Product.__str__",
Переданы агрументы "[]",
дата и время - 06.08.26 15:54

Сработала функция "Product.__str__",
Переданы агрументы "[]",
дата и время - 06.08.26 15:54

Сработала функция "Product.__str__",
Переданы агрументы "[]",
дата и время - 06.08.26 15:54

Сработала функция "Product.__str__",
Переданы агрументы "[]",
дата и время - 06.08.26 15:54

Сработала функция "Product.__init__",
Переданы агрументы "['milk', 89]",
дата и время - 06.08.26 15:55

Сработала функция "Product.__init__",
Переданы агрументы "['milk', 89]",
дата и время - 06.08.26 15:55

Сработала функция "Product.__init__",
Переданы агрументы "['bread', 67]",
дата и время - 06.08.26 15:55

Сработала функция "Product.__init__",
Переданы агрументы "['bread', 57]",
дата и время - 06.08.26 15:55

Сработала функция "Product.__init__",
Переданы агрументы "['cookie', 200]",
дата и время - 06.08.26 15:55

Сработала функция "Product.__init__",
Переданы агрументы "['kiwi', 150]",
дата и время - 06.08.26 15:55

Сработала функция "Product.__init__",
Переданы агрументы "['beef', 600]",
дата и время - 06.08.26 15:55

Сработала функция "Store.add_product",
Переданы агрументы "[<__main__.Product object at 0x0000019723159A90>]",
дата и время - 06.08.26 15:55

Сработала функция "Store.add_product",
Переданы агрументы "[<__main__.Product object at 0x00000197231B8510>]",
дата и время - 06.08.26 15:55

Сработала функция "Store.add_product",
Переданы агрументы "[<__main__.Product object at 0x0000019723159A90>]",
дата и время - 06.08.26 15:55

Сработала функция "Store.add_product",
Переданы агрументы "[<__main__.Product object at 0x00000197231B8510>]",
дата и время - 06.08.26 15:55

Сработала функция "Store.add_product",
Переданы агрументы "[<__main__.Product object at 0x00000197231B8510>]",
дата и время - 06.08.26 15:55

Сработала функция "Product.__str__",
Переданы агрументы "[]",
дата и время - 06.08.26 15:55

Сработала функция "Product.__str__",
Переданы агрументы "[]",
дата и время - 06.08.26 15:55

Сработала функция "Product.__str__",
Переданы агрументы "[]",
дата и время - 06.08.26 15:55

Сработала функция "Product.__str__",
Переданы агрументы "[]",
дата и время - 06.08.26 15:55

Сработала функция "Product.__str__",
Переданы агрументы "[]",
дата и время - 06.08.26 15:55

Сработала функция "Product.__str__",
Переданы агрументы "[]",
дата и время - 06.08.26 15:55

Сработала функция "Product.__str__",
Переданы агрументы "[]",
дата и время - 06.08.26 15:55

Сработала функция "Product.__str__",
Переданы агрументы "[]",
дата и время - 06.08.26 15:55

